---
source: packages/qwik/src/optimizer/core/src/test.rs
assertion_line: 3048
expression: output
snapshot_kind: text
---
==INPUT==


import { component$, useSignal } from '@qwik.dev/core';

export const Issue3742 = component$(({description = '', other}: any) => {
	const counter = useSignal(0);
	return (
		<div
		title={(description && 'description' in other) ? `Hello ${counter.value}` : `Bye ${counter.value}`}
		>
		Issue3742
		<button onClick$={() => counter.value++}>
			Increment
		</button>
		</div>
	)
	});
	
============================= test.js ==

import { componentQrl } from "@qwik.dev/core";
import { _fnSignal } from "@qwik.dev/core";
import { useLexicalScope } from "@qwik.dev/core";
import { inlinedQrl } from "@qwik.dev/core";
import { _jsxSorted } from "@qwik.dev/core";
import { useSignal } from '@qwik.dev/core';
const Issue3742_component_div_button_onClick_a504K2BCEXg = ()=>{
    const [counter] = useLexicalScope();
    return counter.value++;
};
const Issue3742_component_svSy0PlWTAw = (props)=>{
    const counter = useSignal(0);
    return /*#__PURE__*/ _jsxSorted("div", {
        title: _fnSignal((p0, p1)=>(p1.description ?? '') && 'description' in p1.other ? `Hello ${p0.value}` : `Bye ${p0.value}`, [
            counter,
            props
        ], '(p1.description??"")&&"description"in p1.other?`Hello ${p0.value}`:`Bye ${p0.value}`')
    }, null, [
        "Issue3742",
        /*#__PURE__*/ _jsxSorted("button", null, {
            onClick$: /*#__PURE__*/ inlinedQrl(Issue3742_component_div_button_onClick_a504K2BCEXg, "Issue3742_component_div_button_onClick_a504K2BCEXg", [
                counter
            ])
        }, "Increment", 3, null)
    ], 3, "u6_0");
};
export const Issue3742 = /*#__PURE__*/ componentQrl(/*#__PURE__*/ inlinedQrl(Issue3742_component_svSy0PlWTAw, "Issue3742_component_svSy0PlWTAw"));


Some("{\"version\":3,\"sources\":[\"/user/qwik/src/test.tsx\"],\"names\":[],\"mappings\":\";;;;;AACA,SAAqB,SAAS,QAAQ,iBAAiB;2DASnC;;WAAM,QAAQ,KAAK;;wCAPH;IACnC,MAAM,UAAU,UAAU;IAC1B,qBACC,WAAC;QACD,KAAK,sBAAE,AAAC,IAJ4B,eAAc,OAI3B,oBAJ+B,QAIL,CAAC,MAAM,EAAE,GAAQ,KAAK,EAAE,GAAG,CAAC,IAAI,EAAE,GAAQ,KAAK,EAAE;;;;;QACjG;sBAED,WAAC;YAAO,QAAQ;;;WAAyB;;AAK1C;AAZD,OAAO,MAAM,0BAAY,2GAYrB\"}")
== DIAGNOSTICS ==

[]
